=~=~=~=~=~=~=~=~=~=~=~= PuTTY log 2018.01.26 17:39:33 =~=~=~=~=~=~=~=~=~=~=~=
ets Jun  8 2016 00:22:57

rst:0x1 (POWERON_RESET),boot:0x13 (SPI_FAST_FLASH_BOOT)
configsip: 0, SPIWP:0xee
clk_drv:0x00,q_drv:0x00,d_drv:0x00,cs0_drv:0x00,hd_drv:0x00,wp_drv:0x00
mode:DIO, clock div:2
load:0x3fff0018,len:4
load:0x3fff001c,len:5568
ho 0 tail 12 room 4
load:0x40078000,len:0
load:0x40078000,len:13716
entry 0x40078fb4
I (30) boot: ESP-IDF v3.1-dev-137-g4f44d16 2nd stage bootloader
I (30) boot: compile time 17:35:02
I (31) boot: Enabling RNG early entropy source...
I (36) boot: SPI Speed      : 40MHz
I (40) boot: SPI Mode       : DIO
I (44) boot: SPI Flash Size : 4MB
I (48) boot: Partition Table:
I (52) boot: ## Label            Usage          Type ST Offset   Length
I (59) boot:  0 nvs              WiFi data        01 02 00009000 00006000
I (67) boot:  1 phy_init         RF data          01 01 0000f000 00001000
I (74) boot:  2 factory          factory app      00 00 00010000 00100000
I (82) boot: End of partition table
I (86) esp_image: segment 0: paddr=0x00010020 vaddr=0x3f400020 size=0x2b6e8 (177896) map
I (156) esp_image: segment 1: paddr=0x0003b710 vaddr=0x3ffc0000 size=0x02a40 ( 10816) load
I (161) esp_image: segment 2: paddr=0x0003e158 vaddr=0x40080000 size=0x00400 (  1024) load
I (164) esp_image: segment 3: paddr=0x0003e560 vaddr=0x40080400 size=0x01ab0 (  6832) load
I (175) esp_image: segment 4: paddr=0x00040018 vaddr=0x400d0018 size=0x6aa74 (436852) map
I (333) esp_image: segment 5: paddr=0x000aaa94 vaddr=0x40081eb0 size=0x10a74 ( 68212) load
I (361) esp_image: segment 6: paddr=0x000bb510 vaddr=0x400c0000 size=0x00000 (     0) load
I (372) boot: Loaded app from partition at offset 0x10000
I (372) boot: Disabling RNG early entropy source...
I (373) cpu_start: Pro cpu up.
I (376) cpu_start: Starting app cpu, entry point is 0x40081114
I (0) cpu_start: App cpu up.
I (387) heap_init: Initializing. RAM available for dynamic allocation:
I (394) heap_init: At 3FFAFF10 len 000000F0 (0 KiB): DRAM
I (400) heap_init: At 3FFCB1C8 len 00014E38 (83 KiB): DRAM
I (406) heap_init: At 3FFE0440 len 00003BC0 (14 KiB): D/IRAM
I (412) heap_init: At 3FFE4350 len 0001BCB0 (111 KiB): D/IRAM
I (419) heap_init: At 40092924 len 0000D6DC (53 KiB): IRAM
I (425) cpu_start: Pro cpu start user code
I (107) cpu_start: Starting scheduler on PRO CPU.
I (0) cpu_start: Starting scheduler on APP CPU.
I (157) system_api: Base MAC address is not set, read default base MAC address from BLK0 of EFUSE
I (417) phy: phy_version: 366.0, ba9923d, Oct 31 2017, 18:06:17, 0, 0
E (447) BT: btc_gattc_call_handler()
I (447) GATTC_MULTIPLE_DEMO: REG_EVT
E (457) GATTC_MULTIPLE_DEMO: Scan start success
E (457) BT: btc_gattc_call_handler()
I (457) GATTC_MULTIPLE_DEMO: REG_EVT
E (457) BT: btc_gattc_call_handler()
I (467) GATTC_MULTIPLE_DEMO: REG_EVT
E (467) BT: btc_gattc_call_handler()
I (477) GATTC_MULTIPLE_DEMO: REG_EVT
